// Jest Snapshot v1, https://goo.gl/fbAQLP

exports[`<Participant /> renders this UI as expected 1`] = `
<div>
   
  Koren Templeton
  <img
    src="https://robohash.org/itaquevoluptatumrerum.jpg?size=200x200&set=set1"
  />
  <p>
    on stage
  </p>
</div>
`;
